0
0
is even
1
2
2
is even
3
4
4
is even
5
6
6
is even
7
8
8
is even
9
