1
x is odd
3
x is odd
5
x is odd
7
x is odd
9
x is odd
