If you believe it will work out, you’ll see opportunities. If you believe it won’t, you will see obstacles. – Wayne Dyer
